../Core/Src/main.c:95:5:main	32	static
../Core/Src/main.c:174:6:SystemClock_Config	88	static
../Core/Src/main.c:219:6:PeriphCommonClock_Config	32	static
../Core/Src/main.c:240:13:MX_ADC1_Init	24	static
../Core/Src/main.c:292:13:MX_I2C1_Init	8	static
../Core/Src/main.c:326:13:MX_I2S2_Init	8	static
../Core/Src/main.c:360:13:MX_I2S3_Init	8	static
../Core/Src/main.c:394:13:MX_SPI1_Init	8	static
../Core/Src/main.c:432:13:MX_GPIO_Init	56	static
../Core/Src/main.c:504:7:AnalogToResistance	24	static
../Core/Src/main.c:517:6:Error_Handler	4	static,ignoring_inline_asm
