../Core/Src/Stepper_driver.c:32:6:Stepper_Dir	16	static
../Core/Src/Stepper_driver.c:56:6:Microstep_Set	16	static
../Core/Src/Stepper_driver.c:99:6:delay_1us	24	static
../Core/Src/Stepper_driver.c:116:6:One_step	16	static
../Core/Src/Stepper_driver.c:136:10:Microstep_speed	16	static
../Core/Src/Stepper_driver.c:165:10:Microstep_steps	16	static
../Core/Src/Stepper_driver.c:195:6:Set_Speed	32	static
../Core/Src/Stepper_driver.c:218:6:Multiple_steps	32	static
../Core/Src/Stepper_driver.c:238:6:Rotate_Once	40	static
../Core/Src/Stepper_driver.c:261:6:Rotate_Multiple	48	static
../Core/Src/Stepper_driver.c:285:6:Angle	56	static
../Core/Src/Stepper_driver.c:309:6:Fraction	48	static
../Core/Src/Stepper_driver.c:337:6:Multiple_steps_IT	24	static
../Core/Src/Stepper_driver.c:357:6:Rotate_multiple_IT	24	static
../Core/Src/Stepper_driver.c:376:6:Fraction_IT	32	static
../Core/Src/Stepper_driver.c:396:6:Fraction_PWM	48	static
../Core/Src/Stepper_driver.c:424:6:Multiple_steps_PWM	32	static
../Core/Src/Stepper_driver.c:448:6:Rotate_multiple_PWM	40	static
../Core/Src/Stepper_driver.c:483:6:Peristaltic_infusion	48	static
../Core/Src/Stepper_driver.c:510:6:Syringe_infusion	56	static
../Core/Src/Stepper_driver.c:541:6:Syringe_remove	24	static
../Core/Src/Stepper_driver.c:569:6:Syringe_fill	48	static
../Core/Src/Stepper_driver.c:599:6:Insulin_infusion	48	static
../Core/Src/Stepper_driver.c:627:6:Stepper_Rotation	56	static
../Core/Src/Stepper_driver.c:650:6:Stepper_Progression	48	static
../Core/Src/Stepper_driver.c:671:6:Chemical_analyzer	48	static
