../Core/Src/SSD1306.c:89:13:SSD1306_send_com	32	static
../Core/Src/SSD1306.c:177:6:SSD1306_draw_pixel	12	static
../Core/Src/SSD1306.c:220:6:SSD1306_display_clear	0	static
../Core/Src/SSD1306.c:94:6:SSD1306_Init	8	static
../Core/Src/SSD1306.c:279:6:SSD1306_draw_fast_hline_internal	12	static
../Core/Src/SSD1306.c:378:6:SSD1306_draw_fast_vline_internal	20	static
../Core/Src/SSD1306.c:241:6:SSD1306_draw_fast_hline	16	static
../Core/Src/SSD1306.c:341:6:SSD1306_draw_fast_vline	4	static
../Core/Src/SSD1306.c:506:6:SSD1306_get_pixel	8	static
../Core/Src/SSD1306.c:537:10:SSD1306_get_buffer	0	static
../Core/Src/SSD1306.c:549:6:SSD1306_display_repaint	24	static
../Core/Src/SSD1306.c:573:6:SSD1306_start_scroll_right	16	static
../Core/Src/SSD1306.c:596:6:SSD1306_start_scroll_left	16	static
../Core/Src/SSD1306.c:619:6:SSD1306_start_scroll_diagright	16	static
../Core/Src/SSD1306.c:645:6:SSD1306_start_scroll_diagleft	16	static
../Core/Src/SSD1306.c:666:6:SSD1306_stop_scroll	0	static
../Core/Src/SSD1306.c:684:6:SSD1306_display_invert	0	static
../Core/Src/SSD1306.c:697:6:SSD1306_set_contrast	8	static
../Core/Src/SSD1306.c:707:6:SSD1306_set_rotation	0	static
../Core/Src/SSD1306.c:712:9:SSD1306_get_rotation	0	static
